// Jest Snapshot v1, https://goo.gl/fbAQLP

exports[`Pruebas en PrimeraApp Debe de mostrer <PrimeraApp/> correctamente 1`] = `
<Fragment>
  <h1>
    Hola, Soy Goku
  </h1>
  <h2>
     
    Soy un subtitulo
     
  </h2>
  <p>
    Mi primer Aplicaci√≥n
  </p>
  <p>
    Conociendo las defaultProps de React
  </p>
</Fragment>
`;
